Archive member included to satisfy reference by file (symbol)

c:/program files (x86)/atmel/studio/7.0/toolchain/avr8/avr8-gnu-toolchain/bin/../lib/gcc/avr/5.4.0/../../../../avr/lib/avr5\libm.a(divsf3.o)
                              main.o (__divsf3)
c:/program files (x86)/atmel/studio/7.0/toolchain/avr8/avr8-gnu-toolchain/bin/../lib/gcc/avr/5.4.0/../../../../avr/lib/avr5\libm.a(divsf3x.o)
                              c:/program files (x86)/atmel/studio/7.0/toolchain/avr8/avr8-gnu-toolchain/bin/../lib/gcc/avr/5.4.0/../../../../avr/lib/avr5\libm.a(divsf3.o) (__divsf3x)
c:/program files (x86)/atmel/studio/7.0/toolchain/avr8/avr8-gnu-toolchain/bin/../lib/gcc/avr/5.4.0/../../../../avr/lib/avr5\libm.a(fixunssfsi.o)
                              main.o (__fixunssfsi)
c:/program files (x86)/atmel/studio/7.0/toolchain/avr8/avr8-gnu-toolchain/bin/../lib/gcc/avr/5.4.0/../../../../avr/lib/avr5\libm.a(floatsisf.o)
                              main.o (__floatunsisf)
c:/program files (x86)/atmel/studio/7.0/toolchain/avr8/avr8-gnu-toolchain/bin/../lib/gcc/avr/5.4.0/../../../../avr/lib/avr5\libm.a(fp_inf.o)
                              c:/program files (x86)/atmel/studio/7.0/toolchain/avr8/avr8-gnu-toolchain/bin/../lib/gcc/avr/5.4.0/../../../../avr/lib/avr5\libm.a(divsf3x.o) (__fp_inf)
c:/program files (x86)/atmel/studio/7.0/toolchain/avr8/avr8-gnu-toolchain/bin/../lib/gcc/avr/5.4.0/../../../../avr/lib/avr5\libm.a(fp_nan.o)
                              c:/program files (x86)/atmel/studio/7.0/toolchain/avr8/avr8-gnu-toolchain/bin/../lib/gcc/avr/5.4.0/../../../../avr/lib/avr5\libm.a(divsf3x.o) (__fp_nan)
c:/program files (x86)/atmel/studio/7.0/toolchain/avr8/avr8-gnu-toolchain/bin/../lib/gcc/avr/5.4.0/../../../../avr/lib/avr5\libm.a(fp_pscA.o)
                              c:/program files (x86)/atmel/studio/7.0/toolchain/avr8/avr8-gnu-toolchain/bin/../lib/gcc/avr/5.4.0/../../../../avr/lib/avr5\libm.a(divsf3x.o) (__fp_pscA)
c:/program files (x86)/atmel/studio/7.0/toolchain/avr8/avr8-gnu-toolchain/bin/../lib/gcc/avr/5.4.0/../../../../avr/lib/avr5\libm.a(fp_pscB.o)
                              c:/program files (x86)/atmel/studio/7.0/toolchain/avr8/avr8-gnu-toolchain/bin/../lib/gcc/avr/5.4.0/../../../../avr/lib/avr5\libm.a(divsf3x.o) (__fp_pscB)
c:/program files (x86)/atmel/studio/7.0/toolchain/avr8/avr8-gnu-toolchain/bin/../lib/gcc/avr/5.4.0/../../../../avr/lib/avr5\libm.a(fp_round.o)
                              c:/program files (x86)/atmel/studio/7.0/toolchain/avr8/avr8-gnu-toolchain/bin/../lib/gcc/avr/5.4.0/../../../../avr/lib/avr5\libm.a(divsf3.o) (__fp_round)
c:/program files (x86)/atmel/studio/7.0/toolchain/avr8/avr8-gnu-toolchain/bin/../lib/gcc/avr/5.4.0/../../../../avr/lib/avr5\libm.a(fp_split3.o)
                              c:/program files (x86)/atmel/studio/7.0/toolchain/avr8/avr8-gnu-toolchain/bin/../lib/gcc/avr/5.4.0/../../../../avr/lib/avr5\libm.a(divsf3x.o) (__fp_split3)
c:/program files (x86)/atmel/studio/7.0/toolchain/avr8/avr8-gnu-toolchain/bin/../lib/gcc/avr/5.4.0/../../../../avr/lib/avr5\libm.a(fp_zero.o)
                              c:/program files (x86)/atmel/studio/7.0/toolchain/avr8/avr8-gnu-toolchain/bin/../lib/gcc/avr/5.4.0/../../../../avr/lib/avr5\libm.a(fixunssfsi.o) (__fp_zero)
c:/program files (x86)/atmel/studio/7.0/toolchain/avr8/avr8-gnu-toolchain/bin/../lib/gcc/avr/5.4.0/../../../../avr/lib/avr5\libm.a(mulsf3.o)
                              main.o (__mulsf3)
c:/program files (x86)/atmel/studio/7.0/toolchain/avr8/avr8-gnu-toolchain/bin/../lib/gcc/avr/5.4.0/../../../../avr/lib/avr5\libm.a(mulsf3x.o)
                              c:/program files (x86)/atmel/studio/7.0/toolchain/avr8/avr8-gnu-toolchain/bin/../lib/gcc/avr/5.4.0/../../../../avr/lib/avr5\libm.a(mulsf3.o) (__mulsf3x)
c:/program files (x86)/atmel/studio/7.0/toolchain/avr8/avr8-gnu-toolchain/bin/../lib/gcc/avr/5.4.0/avr5\libgcc.a(_udivmodhi4.o)
                              RTOS/RTOS_program.o (__udivmodhi4)
c:/program files (x86)/atmel/studio/7.0/toolchain/avr8/avr8-gnu-toolchain/bin/../lib/gcc/avr/5.4.0/avr5\libgcc.a(_exit.o)
                              C:/Program Files (x86)/Atmel/Studio/7.0/Packs/atmel/ATmega_DFP/1.7.374/gcc/dev/atmega32/avr5/crtatmega32.o (exit)
c:/program files (x86)/atmel/studio/7.0/toolchain/avr8/avr8-gnu-toolchain/bin/../lib/gcc/avr/5.4.0/avr5\libgcc.a(_copy_data.o)
                              HAL/keypad/keypad.o (__do_copy_data)
c:/program files (x86)/atmel/studio/7.0/toolchain/avr8/avr8-gnu-toolchain/bin/../lib/gcc/avr/5.4.0/avr5\libgcc.a(_clear_bss.o)
                              HAL/ICU/ICU.o (__do_clear_bss)
c:/program files (x86)/atmel/studio/7.0/toolchain/avr8/avr8-gnu-toolchain/bin/../lib/gcc/avr/5.4.0/avr5\libgcc.a(_umulhisi3.o)
                              main.o (__umulhisi3)
c:/program files (x86)/atmel/studio/7.0/toolchain/avr8/avr8-gnu-toolchain/bin/../lib/gcc/avr/5.4.0/../../../../avr/lib/avr5\libc.a(itoa_ncheck.o)
                              HAL/LCD/lcd.o (__itoa_ncheck)
c:/program files (x86)/atmel/studio/7.0/toolchain/avr8/avr8-gnu-toolchain/bin/../lib/gcc/avr/5.4.0/../../../../avr/lib/avr5\libc.a(utoa_ncheck.o)
                              c:/program files (x86)/atmel/studio/7.0/toolchain/avr8/avr8-gnu-toolchain/bin/../lib/gcc/avr/5.4.0/../../../../avr/lib/avr5\libc.a(itoa_ncheck.o) (__utoa_common)
c:/program files (x86)/atmel/studio/7.0/toolchain/avr8/avr8-gnu-toolchain/bin/../lib/gcc/avr/5.4.0/../../../../avr/lib/avr5\libc.a(strrev.o)
                              c:/program files (x86)/atmel/studio/7.0/toolchain/avr8/avr8-gnu-toolchain/bin/../lib/gcc/avr/5.4.0/../../../../avr/lib/avr5\libc.a(utoa_ncheck.o) (strrev)

Allocating common symbols
Common symbol       size              file

ADC_ISR_Source      0x1               MCAL/ADC/ADC.o

Discarded input sections

 .data          0x00000000        0x0 C:/Program Files (x86)/Atmel/Studio/7.0/Packs/atmel/ATmega_DFP/1.7.374/gcc/dev/atmega32/avr5/crtatmega32.o
 .bss           0x00000000        0x0 C:/Program Files (x86)/Atmel/Studio/7.0/Packs/atmel/ATmega_DFP/1.7.374/gcc/dev/atmega32/avr5/crtatmega32.o
 .text          0x00000000        0x0 Comm/I2C/I2C.o
 .data          0x00000000        0x0 Comm/I2C/I2C.o
 .bss           0x00000000        0x0 Comm/I2C/I2C.o
 .text.TWI_voidInitSlave
                0x00000000       0x12 Comm/I2C/I2C.o
 .text          0x00000000        0x0 Comm/Spi/SPI.o
 .data          0x00000000        0x0 Comm/Spi/SPI.o
 .bss           0x00000000        0x0 Comm/Spi/SPI.o
 .text.Spi_MASTERInit
                0x00000000       0x1a Comm/Spi/SPI.o
 .text.Spi_SlaveInit
                0x00000000        0xe Comm/Spi/SPI.o
 .text.Spi_MasterSendData
                0x00000000        0xa Comm/Spi/SPI.o
 .text.Spi_Transceive
                0x00000000        0xa Comm/Spi/SPI.o
 .debug_info    0x00000000       0xe1 Comm/Spi/SPI.o
 .debug_abbrev  0x00000000       0x94 Comm/Spi/SPI.o
 .debug_loc     0x00000000       0x3e Comm/Spi/SPI.o
 .debug_aranges
                0x00000000       0x38 Comm/Spi/SPI.o
 .debug_ranges  0x00000000       0x28 Comm/Spi/SPI.o
 .debug_line    0x00000000       0xf6 Comm/Spi/SPI.o
 .debug_str     0x00000000      0x198 Comm/Spi/SPI.o
 .comment       0x00000000       0x31 Comm/Spi/SPI.o
 .debug_frame   0x00000000       0x54 Comm/Spi/SPI.o
 .text          0x00000000        0x0 Comm/UART/UART.o
 .data          0x00000000        0x0 Comm/UART/UART.o
 .bss           0x00000000        0x0 Comm/UART/UART.o
 .text.UART_SendData
                0x00000000        0xc Comm/UART/UART.o
 .text.UART_ReceivedData
                0x00000000        0x8 Comm/UART/UART.o
 .text.UART_init
                0x00000000       0x1a Comm/UART/UART.o
 .debug_info    0x00000000       0xd4 Comm/UART/UART.o
 .debug_abbrev  0x00000000       0xb0 Comm/UART/UART.o
 .debug_aranges
                0x00000000       0x30 Comm/UART/UART.o
 .debug_ranges  0x00000000       0x20 Comm/UART/UART.o
 .debug_line    0x00000000       0xe1 Comm/UART/UART.o
 .debug_str     0x00000000      0x18c Comm/UART/UART.o
 .comment       0x00000000       0x31 Comm/UART/UART.o
 .debug_frame   0x00000000       0x44 Comm/UART/UART.o
 .text          0x00000000        0x0 HAL/Button/Button.o
 .data          0x00000000        0x0 HAL/Button/Button.o
 .bss           0x00000000        0x0 HAL/Button/Button.o
 .text          0x00000000        0x0 HAL/EEPROM/EEPROM.o
 .data          0x00000000        0x0 HAL/EEPROM/EEPROM.o
 .bss           0x00000000        0x0 HAL/EEPROM/EEPROM.o
 .text          0x00000000        0x0 HAL/ICU/ICU.o
 .data          0x00000000        0x0 HAL/ICU/ICU.o
 .bss           0x00000000        0x0 HAL/ICU/ICU.o
 .text.ICU_INIT
                0x00000000       0x14 HAL/ICU/ICU.o
 .text.ICU_set_EdgeType
                0x00000000       0x18 HAL/ICU/ICU.o
 .text.ICU_get_inputCap
                0x00000000        0x6 HAL/ICU/ICU.o
 .text.ICU_clear_timer
                0x00000000        0x6 HAL/ICU/ICU.o
 .text.set_CallBackFun_ICU
                0x00000000        0xe HAL/ICU/ICU.o
 .text.ISR      0x00000000       0x1a HAL/ICU/ICU.o
 .bss.pf        0x00000000        0x2 HAL/ICU/ICU.o
 .debug_info    0x00000000      0x160 HAL/ICU/ICU.o
 .debug_abbrev  0x00000000       0xe9 HAL/ICU/ICU.o
 .debug_loc     0x00000000       0x60 HAL/ICU/ICU.o
 .debug_aranges
                0x00000000       0x48 HAL/ICU/ICU.o
 .debug_ranges  0x00000000       0x38 HAL/ICU/ICU.o
 .debug_line    0x00000000      0x112 HAL/ICU/ICU.o
 .debug_str     0x00000000      0x1cb HAL/ICU/ICU.o
 .comment       0x00000000       0x31 HAL/ICU/ICU.o
 .debug_frame   0x00000000       0x74 HAL/ICU/ICU.o
 .text          0x00000000        0x0 HAL/keypad/keypad.o
 .data          0x00000000        0x0 HAL/keypad/keypad.o
 .bss           0x00000000        0x0 HAL/keypad/keypad.o
 .text.keypad_init
                0x00000000       0x14 HAL/keypad/keypad.o
 .text.keypad_scan
                0x00000000       0x8a HAL/keypad/keypad.o
 .data.keypadmap
                0x00000000       0x10 HAL/keypad/keypad.o
 .data.colpins  0x00000000        0x4 HAL/keypad/keypad.o
 .data.rowpins  0x00000000        0x4 HAL/keypad/keypad.o
 .debug_info    0x00000000      0x10f HAL/keypad/keypad.o
 .debug_abbrev  0x00000000       0x9b HAL/keypad/keypad.o
 .debug_loc     0x00000000       0x8c HAL/keypad/keypad.o
 .debug_aranges
                0x00000000       0x28 HAL/keypad/keypad.o
 .debug_ranges  0x00000000       0x18 HAL/keypad/keypad.o
 .debug_line    0x00000000       0xfd HAL/keypad/keypad.o
 .debug_str     0x00000000      0x18f HAL/keypad/keypad.o
 .comment       0x00000000       0x31 HAL/keypad/keypad.o
 .debug_frame   0x00000000       0x3c HAL/keypad/keypad.o
 .text          0x00000000        0x0 HAL/LCD/lcd.o
 .data          0x00000000        0x0 HAL/LCD/lcd.o
 .bss           0x00000000        0x0 HAL/LCD/lcd.o
 .text.LCD_sendSpecial_char
                0x00000000       0x54 HAL/LCD/lcd.o
 .text          0x00000000        0x0 HAL/LED/led.o
 .data          0x00000000        0x0 HAL/LED/led.o
 .bss           0x00000000        0x0 HAL/LED/led.o
 .text          0x00000000        0x0 main.o
 .data          0x00000000        0x0 main.o
 .bss           0x00000000        0x0 main.o
 .bss.avr_temp  0x00000000        0x1 main.o
 .text          0x00000000        0x0 mainfunc.o
 .data          0x00000000        0x0 mainfunc.o
 .bss           0x00000000        0x0 mainfunc.o
 .text.temp_cal
                0x00000000       0x84 mainfunc.o
 .text          0x00000000        0x0 MCAL/ADC/ADC.o
 .data          0x00000000        0x0 MCAL/ADC/ADC.o
 .bss           0x00000000        0x0 MCAL/ADC/ADC.o
 .text.ADC_Start_Conversion_SYN
                0x00000000       0x42 MCAL/ADC/ADC.o
 .text.ADC_Start_Conversion_ASYN
                0x00000000       0x58 MCAL/ADC/ADC.o
 .text.ADC_Start_Chain_Conversion_ASYN
                0x00000000       0x9c MCAL/ADC/ADC.o
 .text          0x00000000        0x0 MCAL/DIO/DIO.o
 .data          0x00000000        0x0 MCAL/DIO/DIO.o
 .bss           0x00000000        0x0 MCAL/DIO/DIO.o
 .text.DIO_set_port_direction
                0x00000000       0x52 MCAL/DIO/DIO.o
 .text.DIO_set_port_data
                0x00000000       0x52 MCAL/DIO/DIO.o
 .text.DIO_set_port_dir
                0x00000000       0x24 MCAL/DIO/DIO.o
 .text          0x00000000        0x0 MCAL/EXTI/Interrupt.o
 .data          0x00000000        0x0 MCAL/EXTI/Interrupt.o
 .bss           0x00000000        0x0 MCAL/EXTI/Interrupt.o
 .text          0x00000000        0x0 MCAL/Timer/Timer.o
 .data          0x00000000        0x0 MCAL/Timer/Timer.o
 .bss           0x00000000        0x0 MCAL/Timer/Timer.o
 .text.timer0_start_Preload
                0x00000000        0x4 MCAL/Timer/Timer.o
 .text.Timer_stop
                0x00000000        0x4 MCAL/Timer/Timer.o
 .text.timer0_Get_busywait
                0x00000000        0xe MCAL/Timer/Timer.o
 .text.timer0_ComparaMatch_setCallBack
                0x00000000       0x14 MCAL/Timer/Timer.o
 .text.Timer1_init
                0x00000000       0x48 MCAL/Timer/Timer.o
 .text.Timer1_voidSetChannelACompValue
                0x00000000        0x6 MCAL/Timer/Timer.o
 .text.Timer0_pwm
                0x00000000        0x4 MCAL/Timer/Timer.o
 .text          0x00000000        0x0 RTOS/RTOS_program.o
 .data          0x00000000        0x0 RTOS/RTOS_program.o
 .bss           0x00000000        0x0 RTOS/RTOS_program.o
 .text.voidScheduler
                0x00000000       0x62 RTOS/RTOS_program.o
 .text.RTOS_voidStart
                0x00000000       0x12 RTOS/RTOS_program.o
 .text.RTOS_voidCreateTask
                0x00000000       0x1a RTOS/RTOS_program.o
 .bss.local_u16TickCounter.1646
                0x00000000        0x2 RTOS/RTOS_program.o
 .bss.SystemTasks
                0x00000000        0xc RTOS/RTOS_program.o
 .debug_info    0x00000000      0x1c2 RTOS/RTOS_program.o
 .debug_abbrev  0x00000000      0x11f RTOS/RTOS_program.o
 .debug_loc     0x00000000       0x57 RTOS/RTOS_program.o
 .debug_aranges
                0x00000000       0x30 RTOS/RTOS_program.o
 .debug_ranges  0x00000000       0x20 RTOS/RTOS_program.o
 .debug_line    0x00000000      0x137 RTOS/RTOS_program.o
 .debug_str     0x00000000      0x259 RTOS/RTOS_program.o
 .comment       0x00000000       0x31 RTOS/RTOS_program.o
 .debug_frame   0x00000000       0x4c RTOS/RTOS_program.o
 .text          0x00000000        0x0 c:/program files (x86)/atmel/studio/7.0/toolchain/avr8/avr8-gnu-toolchain/bin/../lib/gcc/avr/5.4.0/../../../../avr/lib/avr5\libm.a(divsf3.o)
 .data          0x00000000        0x0 c:/program files (x86)/atmel/studio/7.0/toolchain/avr8/avr8-gnu-toolchain/bin/../lib/gcc/avr/5.4.0/../../../../avr/lib/avr5\libm.a(divsf3.o)
 .bss           0x00000000        0x0 c:/program files (x86)/atmel/studio/7.0/toolchain/avr8/avr8-gnu-toolchain/bin/../lib/gcc/avr/5.4.0/../../../../avr/lib/avr5\libm.a(divsf3.o)
 .text          0x00000000        0x0 c:/program files (x86)/atmel/studio/7.0/toolchain/avr8/avr8-gnu-toolchain/bin/../lib/gcc/avr/5.4.0/../../../../avr/lib/avr5\libm.a(divsf3x.o)
 .data          0x00000000        0x0 c:/program files (x86)/atmel/studio/7.0/toolchain/avr8/avr8-gnu-toolchain/bin/../lib/gcc/avr/5.4.0/../../../../avr/lib/avr5\libm.a(divsf3x.o)
 .bss           0x00000000        0x0 c:/program files (x86)/atmel/studio/7.0/toolchain/avr8/avr8-gnu-toolchain/bin/../lib/gcc/avr/5.4.0/../../../../avr/lib/avr5\libm.a(divsf3x.o)
 .text          0x00000000        0x0 c:/program files (x86)/atmel/studio/7.0/toolchain/avr8/avr8-gnu-toolchain/bin/../lib/gcc/avr/5.4.0/../../../../avr/lib/avr5\libm.a(fixunssfsi.o)
 .data          0x00000000        0x0 c:/program files (x86)/atmel/studio/7.0/toolchain/avr8/avr8-gnu-toolchain/bin/../lib/gcc/avr/5.4.0/../../../../avr/lib/avr5\libm.a(fixunssfsi.o)
 .bss           0x00000000        0x0 c:/program files (x86)/atmel/studio/7.0/toolchain/avr8/avr8-gnu-toolchain/bin/../lib/gcc/avr/5.4.0/../../../../avr/lib/avr5\libm.a(fixunssfsi.o)
 .text          0x00000000        0x0 c:/program files (x86)/atmel/studio/7.0/toolchain/avr8/avr8-gnu-toolchain/bin/../lib/gcc/avr/5.4.0/../../../../avr/lib/avr5\libm.a(floatsisf.o)
 .data          0x00000000        0x0 c:/program files (x86)/atmel/studio/7.0/toolchain/avr8/avr8-gnu-toolchain/bin/../lib/gcc/avr/5.4.0/../../../../avr/lib/avr5\libm.a(floatsisf.o)
 .bss           0x00000000        0x0 c:/program files (x86)/atmel/studio/7.0/toolchain/avr8/avr8-gnu-toolchain/bin/../lib/gcc/avr/5.4.0/../../../../avr/lib/avr5\libm.a(floatsisf.o)
 .text          0x00000000        0x0 c:/program files (x86)/atmel/studio/7.0/toolchain/avr8/avr8-gnu-toolchain/bin/../lib/gcc/avr/5.4.0/../../../../avr/lib/avr5\libm.a(fp_inf.o)
 .data          0x00000000        0x0 c:/program files (x86)/atmel/studio/7.0/toolchain/avr8/avr8-gnu-toolchain/bin/../lib/gcc/avr/5.4.0/../../../../avr/lib/avr5\libm.a(fp_inf.o)
 .bss           0x00000000        0x0 c:/program files (x86)/atmel/studio/7.0/toolchain/avr8/avr8-gnu-toolchain/bin/../lib/gcc/avr/5.4.0/../../../../avr/lib/avr5\libm.a(fp_inf.o)
 .text          0x00000000        0x0 c:/program files (x86)/atmel/studio/7.0/toolchain/avr8/avr8-gnu-toolchain/bin/../lib/gcc/avr/5.4.0/../../../../avr/lib/avr5\libm.a(fp_nan.o)
 .data          0x00000000        0x0 c:/program files (x86)/atmel/studio/7.0/toolchain/avr8/avr8-gnu-toolchain/bin/../lib/gcc/avr/5.4.0/../../../../avr/lib/avr5\libm.a(fp_nan.o)
 .bss           0x00000000        0x0 c:/program files (x86)/atmel/studio/7.0/toolchain/avr8/avr8-gnu-toolchain/bin/../lib/gcc/avr/5.4.0/../../../../avr/lib/avr5\libm.a(fp_nan.o)
 .text          0x00000000        0x0 c:/program files (x86)/atmel/studio/7.0/toolchain/avr8/avr8-gnu-toolchain/bin/../lib/gcc/avr/5.4.0/../../../../avr/lib/avr5\libm.a(fp_pscA.o)
 .data          0x00000000        0x0 c:/program files (x86)/atmel/studio/7.0/toolchain/avr8/avr8-gnu-toolchain/bin/../lib/gcc/avr/5.4.0/../../../../avr/lib/avr5\libm.a(fp_pscA.o)
 .bss           0x00000000        0x0 c:/program files (x86)/atmel/studio/7.0/toolchain/avr8/avr8-gnu-toolchain/bin/../lib/gcc/avr/5.4.0/../../../../avr/lib/avr5\libm.a(fp_pscA.o)
 .text          0x00000000        0x0 c:/program files (x86)/atmel/studio/7.0/toolchain/avr8/avr8-gnu-toolchain/bin/../lib/gcc/avr/5.4.0/../../../../avr/lib/avr5\libm.a(fp_pscB.o)
 .data          0x00000000        0x0 c:/program files (x86)/atmel/studio/7.0/toolchain/avr8/avr8-gnu-toolchain/bin/../lib/gcc/avr/5.4.0/../../../../avr/lib/avr5\libm.a(fp_pscB.o)
 .bss           0x00000000        0x0 c:/program files (x86)/atmel/studio/7.0/toolchain/avr8/avr8-gnu-toolchain/bin/../lib/gcc/avr/5.4.0/../../../../avr/lib/avr5\libm.a(fp_pscB.o)
 .text          0x00000000        0x0 c:/program files (x86)/atmel/studio/7.0/toolchain/avr8/avr8-gnu-toolchain/bin/../lib/gcc/avr/5.4.0/../../../../avr/lib/avr5\libm.a(fp_round.o)
 .data          0x00000000        0x0 c:/program files (x86)/atmel/studio/7.0/toolchain/avr8/avr8-gnu-toolchain/bin/../lib/gcc/avr/5.4.0/../../../../avr/lib/avr5\libm.a(fp_round.o)
 .bss           0x00000000        0x0 c:/program files (x86)/atmel/studio/7.0/toolchain/avr8/avr8-gnu-toolchain/bin/../lib/gcc/avr/5.4.0/../../../../avr/lib/avr5\libm.a(fp_round.o)
 .text          0x00000000        0x0 c:/program files (x86)/atmel/studio/7.0/toolchain/avr8/avr8-gnu-toolchain/bin/../lib/gcc/avr/5.4.0/../../../../avr/lib/avr5\libm.a(fp_split3.o)
 .data          0x00000000        0x0 c:/program files (x86)/atmel/studio/7.0/toolchain/avr8/avr8-gnu-toolchain/bin/../lib/gcc/avr/5.4.0/../../../../avr/lib/avr5\libm.a(fp_split3.o)
 .bss           0x00000000        0x0 c:/program files (x86)/atmel/studio/7.0/toolchain/avr8/avr8-gnu-toolchain/bin/../lib/gcc/avr/5.4.0/../../../../avr/lib/avr5\libm.a(fp_split3.o)
 .text          0x00000000        0x0 c:/program files (x86)/atmel/studio/7.0/toolchain/avr8/avr8-gnu-toolchain/bin/../lib/gcc/avr/5.4.0/../../../../avr/lib/avr5\libm.a(fp_zero.o)
 .data          0x00000000        0x0 c:/program files (x86)/atmel/studio/7.0/toolchain/avr8/avr8-gnu-toolchain/bin/../lib/gcc/avr/5.4.0/../../../../avr/lib/avr5\libm.a(fp_zero.o)
 .bss           0x00000000        0x0 c:/program files (x86)/atmel/studio/7.0/toolchain/avr8/avr8-gnu-toolchain/bin/../lib/gcc/avr/5.4.0/../../../../avr/lib/avr5\libm.a(fp_zero.o)
 .text          0x00000000        0x0 c:/program files (x86)/atmel/studio/7.0/toolchain/avr8/avr8-gnu-toolchain/bin/../lib/gcc/avr/5.4.0/../../../../avr/lib/avr5\libm.a(mulsf3.o)
 .data          0x00000000        0x0 c:/program files (x86)/atmel/studio/7.0/toolchain/avr8/avr8-gnu-toolchain/bin/../lib/gcc/avr/5.4.0/../../../../avr/lib/avr5\libm.a(mulsf3.o)
 .bss           0x00000000        0x0 c:/program files (x86)/atmel/studio/7.0/toolchain/avr8/avr8-gnu-toolchain/bin/../lib/gcc/avr/5.4.0/../../../../avr/lib/avr5\libm.a(mulsf3.o)
 .text          0x00000000        0x0 c:/program files (x86)/atmel/studio/7.0/toolchain/avr8/avr8-gnu-toolchain/bin/../lib/gcc/avr/5.4.0/../../../../avr/lib/avr5\libm.a(mulsf3x.o)
 .data          0x00000000        0x0 c:/program files (x86)/atmel/studio/7.0/toolchain/avr8/avr8-gnu-toolchain/bin/../lib/gcc/avr/5.4.0/../../../../avr/lib/avr5\libm.a(mulsf3x.o)
 .bss           0x00000000        0x0 c:/program files (x86)/atmel/studio/7.0/toolchain/avr8/avr8-gnu-toolchain/bin/../lib/gcc/avr/5.4.0/../../../../avr/lib/avr5\libm.a(mulsf3x.o)
 .text          0x00000000        0x0 c:/program files (x86)/atmel/studio/7.0/toolchain/avr8/avr8-gnu-toolchain/bin/../lib/gcc/avr/5.4.0/avr5\libgcc.a(_udivmodhi4.o)
 .data          0x00000000        0x0 c:/program files (x86)/atmel/studio/7.0/toolchain/avr8/avr8-gnu-toolchain/bin/../lib/gcc/avr/5.4.0/avr5\libgcc.a(_udivmodhi4.o)
 .bss           0x00000000        0x0 c:/program files (x86)/atmel/studio/7.0/toolchain/avr8/avr8-gnu-toolchain/bin/../lib/gcc/avr/5.4.0/avr5\libgcc.a(_udivmodhi4.o)
 .text.libgcc.mul
                0x00000000        0x0 c:/program files (x86)/atmel/studio/7.0/toolchain/avr8/avr8-gnu-toolchain/bin/../lib/gcc/avr/5.4.0/avr5\libgcc.a(_udivmodhi4.o)
 .text.libgcc.div
                0x00000000       0x28 c:/program files (x86)/atmel/studio/7.0/toolchain/avr8/avr8-gnu-toolchain/bin/../lib/gcc/avr/5.4.0/avr5\libgcc.a(_udivmodhi4.o)
 .text.libgcc   0x00000000        0x0 c:/program files (x86)/atmel/studio/7.0/toolchain/avr8/avr8-gnu-toolchain/bin/../lib/gcc/avr/5.4.0/avr5\libgcc.a(_udivmodhi4.o)
 .text.libgcc.prologue
                0x00000000        0x0 c:/program files (x86)/atmel/studio/7.0/toolchain/avr8/avr8-gnu-toolchain/bin/../lib/gcc/avr/5.4.0/avr5\libgcc.a(_udivmodhi4.o)
 .text.libgcc.builtins
                0x00000000        0x0 c:/program files (x86)/atmel/studio/7.0/toolchain/avr8/avr8-gnu-toolchain/bin/../lib/gcc/avr/5.4.0/avr5\libgcc.a(_udivmodhi4.o)
 .text.libgcc.fmul
                0x00000000        0x0 c:/program files (x86)/atmel/studio/7.0/toolchain/avr8/avr8-gnu-toolchain/bin/../lib/gcc/avr/5.4.0/avr5\libgcc.a(_udivmodhi4.o)
 .text.libgcc.fixed
                0x00000000        0x0 c:/program files (x86)/atmel/studio/7.0/toolchain/avr8/avr8-gnu-toolchain/bin/../lib/gcc/avr/5.4.0/avr5\libgcc.a(_udivmodhi4.o)
 .text          0x00000000        0x0 c:/program files (x86)/atmel/studio/7.0/toolchain/avr8/avr8-gnu-toolchain/bin/../lib/gcc/avr/5.4.0/avr5\libgcc.a(_exit.o)
 .data          0x00000000        0x0 c:/program files (x86)/atmel/studio/7.0/toolchain/avr8/avr8-gnu-toolchain/bin/../lib/gcc/avr/5.4.0/avr5\libgcc.a(_exit.o)
 .bss           0x00000000        0x0 c:/program files (x86)/atmel/studio/7.0/toolchain/avr8/avr8-gnu-toolchain/bin/../lib/gcc/avr/5.4.0/avr5\libgcc.a(_exit.o)
 .text.libgcc.mul
                0x00000000        0x0 c:/program files (x86)/atmel/studio/7.0/toolchain/avr8/avr8-gnu-toolchain/bin/../lib/gcc/avr/5.4.0/avr5\libgcc.a(_exit.o)
 .text.libgcc.div
                0x00000000        0x0 c:/program files (x86)/atmel/studio/7.0/toolchain/avr8/avr8-gnu-toolchain/bin/../lib/gcc/avr/5.4.0/avr5\libgcc.a(_exit.o)
 .text.libgcc   0x00000000        0x0 c:/program files (x86)/atmel/studio/7.0/toolchain/avr8/avr8-gnu-toolchain/bin/../lib/gcc/avr/5.4.0/avr5\libgcc.a(_exit.o)
 .text.libgcc.prologue
                0x00000000        0x0 c:/program files (x86)/atmel/studio/7.0/toolchain/avr8/avr8-gnu-toolchain/bin/../lib/gcc/avr/5.4.0/avr5\libgcc.a(_exit.o)
 .text.libgcc.builtins
                0x00000000        0x0 c:/program files (x86)/atmel/studio/7.0/toolchain/avr8/avr8-gnu-toolchain/bin/../lib/gcc/avr/5.4.0/avr5\libgcc.a(_exit.o)
 .text.libgcc.fmul
                0x00000000        0x0 c:/program files (x86)/atmel/studio/7.0/toolchain/avr8/avr8-gnu-toolchain/bin/../lib/gcc/avr/5.4.0/avr5\libgcc.a(_exit.o)
 .text.libgcc.fixed
                0x00000000        0x0 c:/program files (x86)/atmel/studio/7.0/toolchain/avr8/avr8-gnu-toolchain/bin/../lib/gcc/avr/5.4.0/avr5\libgcc.a(_exit.o)
 .text          0x00000000        0x0 c:/program files (x86)/atmel/studio/7.0/toolchain/avr8/avr8-gnu-toolchain/bin/../lib/gcc/avr/5.4.0/avr5\libgcc.a(_copy_data.o)
 .data          0x00000000        0x0 c:/program files (x86)/atmel/studio/7.0/toolchain/avr8/avr8-gnu-toolchain/bin/../lib/gcc/avr/5.4.0/avr5\libgcc.a(_copy_data.o)
 .bss           0x00000000        0x0 c:/program files (x86)/atmel/studio/7.0/toolchain/avr8/avr8-gnu-toolchain/bin/../lib/gcc/avr/5.4.0/avr5\libgcc.a(_copy_data.o)
 .text.libgcc.mul
                0x00000000        0x0 c:/program files (x86)/atmel/studio/7.0/toolchain/avr8/avr8-gnu-toolchain/bin/../lib/gcc/avr/5.4.0/avr5\libgcc.a(_copy_data.o)
 .text.libgcc.div
                0x00000000        0x0 c:/program files (x86)/atmel/studio/7.0/toolchain/avr8/avr8-gnu-toolchain/bin/../lib/gcc/avr/5.4.0/avr5\libgcc.a(_copy_data.o)
 .text.libgcc   0x00000000        0x0 c:/program files (x86)/atmel/studio/7.0/toolchain/avr8/avr8-gnu-toolchain/bin/../lib/gcc/avr/5.4.0/avr5\libgcc.a(_copy_data.o)
 .text.libgcc.prologue
                0x00000000        0x0 c:/program files (x86)/atmel/studio/7.0/toolchain/avr8/avr8-gnu-toolchain/bin/../lib/gcc/avr/5.4.0/avr5\libgcc.a(_copy_data.o)
 .text.libgcc.builtins
                0x00000000        0x0 c:/program files (x86)/atmel/studio/7.0/toolchain/avr8/avr8-gnu-toolchain/bin/../lib/gcc/avr/5.4.0/avr5\libgcc.a(_copy_data.o)
 .text.libgcc.fmul
                0x00000000        0x0 c:/program files (x86)/atmel/studio/7.0/toolchain/avr8/avr8-gnu-toolchain/bin/../lib/gcc/avr/5.4.0/avr5\libgcc.a(_copy_data.o)
 .text.libgcc.fixed
                0x00000000        0x0 c:/program files (x86)/atmel/studio/7.0/toolchain/avr8/avr8-gnu-toolchain/bin/../lib/gcc/avr/5.4.0/avr5\libgcc.a(_copy_data.o)
 .text          0x00000000        0x0 c:/program files (x86)/atmel/studio/7.0/toolchain/avr8/avr8-gnu-toolchain/bin/../lib/gcc/avr/5.4.0/avr5\libgcc.a(_clear_bss.o)
 .data          0x00000000        0x0 c:/program files (x86)/atmel/studio/7.0/toolchain/avr8/avr8-gnu-toolchain/bin/../lib/gcc/avr/5.4.0/avr5\libgcc.a(_clear_bss.o)
 .bss           0x00000000        0x0 c:/program files (x86)/atmel/studio/7.0/toolchain/avr8/avr8-gnu-toolchain/bin/../lib/gcc/avr/5.4.0/avr5\libgcc.a(_clear_bss.o)
 .text.libgcc.mul
                0x00000000        0x0 c:/program files (x86)/atmel/studio/7.0/toolchain/avr8/avr8-gnu-toolchain/bin/../lib/gcc/avr/5.4.0/avr5\libgcc.a(_clear_bss.o)
 .text.libgcc.div
                0x00000000        0x0 c:/program files (x86)/atmel/studio/7.0/toolchain/avr8/avr8-gnu-toolchain/bin/../lib/gcc/avr/5.4.0/avr5\libgcc.a(_clear_bss.o)
 .text.libgcc   0x00000000        0x0 c:/program files (x86)/atmel/studio/7.0/toolchain/avr8/avr8-gnu-toolchain/bin/../lib/gcc/avr/5.4.0/avr5\libgcc.a(_clear_bss.o)
 .text.libgcc.prologue
                0x00000000        0x0 c:/program files (x86)/atmel/studio/7.0/toolchain/avr8/avr8-gnu-toolchain/bin/../lib/gcc/avr/5.4.0/avr5\libgcc.a(_clear_bss.o)
 .text.libgcc.builtins
                0x00000000        0x0 c:/program files (x86)/atmel/studio/7.0/toolchain/avr8/avr8-gnu-toolchain/bin/../lib/gcc/avr/5.4.0/avr5\libgcc.a(_clear_bss.o)
 .text.libgcc.fmul
                0x00000000        0x0 c:/program files (x86)/atmel/studio/7.0/toolchain/avr8/avr8-gnu-toolchain/bin/../lib/gcc/avr/5.4.0/avr5\libgcc.a(_clear_bss.o)
 .text.libgcc.fixed
                0x00000000        0x0 c:/program files (x86)/atmel/studio/7.0/toolchain/avr8/avr8-gnu-toolchain/bin/../lib/gcc/avr/5.4.0/avr5\libgcc.a(_clear_bss.o)
 .text          0x00000000        0x0 c:/program files (x86)/atmel/studio/7.0/toolchain/avr8/avr8-gnu-toolchain/bin/../lib/gcc/avr/5.4.0/avr5\libgcc.a(_umulhisi3.o)
 .data          0x00000000        0x0 c:/program files (x86)/atmel/studio/7.0/toolchain/avr8/avr8-gnu-toolchain/bin/../lib/gcc/avr/5.4.0/avr5\libgcc.a(_umulhisi3.o)
 .bss           0x00000000        0x0 c:/program files (x86)/atmel/studio/7.0/toolchain/avr8/avr8-gnu-toolchain/bin/../lib/gcc/avr/5.4.0/avr5\libgcc.a(_umulhisi3.o)
 .text.libgcc.div
                0x00000000        0x0 c:/program files (x86)/atmel/studio/7.0/toolchain/avr8/avr8-gnu-toolchain/bin/../lib/gcc/avr/5.4.0/avr5\libgcc.a(_umulhisi3.o)
 .text.libgcc   0x00000000        0x0 c:/program files (x86)/atmel/studio/7.0/toolchain/avr8/avr8-gnu-toolchain/bin/../lib/gcc/avr/5.4.0/avr5\libgcc.a(_umulhisi3.o)
 .text.libgcc.prologue
                0x00000000        0x0 c:/program files (x86)/atmel/studio/7.0/toolchain/avr8/avr8-gnu-toolchain/bin/../lib/gcc/avr/5.4.0/avr5\libgcc.a(_umulhisi3.o)
 .text.libgcc.builtins
                0x00000000        0x0 c:/program files (x86)/atmel/studio/7.0/toolchain/avr8/avr8-gnu-toolchain/bin/../lib/gcc/avr/5.4.0/avr5\libgcc.a(_umulhisi3.o)
 .text.libgcc.fmul
                0x00000000        0x0 c:/program files (x86)/atmel/studio/7.0/toolchain/avr8/avr8-gnu-toolchain/bin/../lib/gcc/avr/5.4.0/avr5\libgcc.a(_umulhisi3.o)
 .text.libgcc.fixed
                0x00000000        0x0 c:/program files (x86)/atmel/studio/7.0/toolchain/avr8/avr8-gnu-toolchain/bin/../lib/gcc/avr/5.4.0/avr5\libgcc.a(_umulhisi3.o)
 .text          0x00000000        0x0 c:/program files (x86)/atmel/studio/7.0/toolchain/avr8/avr8-gnu-toolchain/bin/../lib/gcc/avr/5.4.0/../../../../avr/lib/avr5\libc.a(itoa_ncheck.o)
 .data          0x00000000        0x0 c:/program files (x86)/atmel/studio/7.0/toolchain/avr8/avr8-gnu-toolchain/bin/../lib/gcc/avr/5.4.0/../../../../avr/lib/avr5\libc.a(itoa_ncheck.o)
 .bss           0x00000000        0x0 c:/program files (x86)/atmel/studio/7.0/toolchain/avr8/avr8-gnu-toolchain/bin/../lib/gcc/avr/5.4.0/../../../../avr/lib/avr5\libc.a(itoa_ncheck.o)
 .text          0x00000000        0x0 c:/program files (x86)/atmel/studio/7.0/toolchain/avr8/avr8-gnu-toolchain/bin/../lib/gcc/avr/5.4.0/../../../../avr/lib/avr5\libc.a(utoa_ncheck.o)
 .data          0x00000000        0x0 c:/program files (x86)/atmel/studio/7.0/toolchain/avr8/avr8-gnu-toolchain/bin/../lib/gcc/avr/5.4.0/../../../../avr/lib/avr5\libc.a(utoa_ncheck.o)
 .bss           0x00000000        0x0 c:/program files (x86)/atmel/studio/7.0/toolchain/avr8/avr8-gnu-toolchain/bin/../lib/gcc/avr/5.4.0/../../../../avr/lib/avr5\libc.a(utoa_ncheck.o)
 .text          0x00000000        0x0 c:/program files (x86)/atmel/studio/7.0/toolchain/avr8/avr8-gnu-toolchain/bin/../lib/gcc/avr/5.4.0/../../../../avr/lib/avr5\libc.a(strrev.o)
 .data          0x00000000        0x0 c:/program files (x86)/atmel/studio/7.0/toolchain/avr8/avr8-gnu-toolchain/bin/../lib/gcc/avr/5.4.0/../../../../avr/lib/avr5\libc.a(strrev.o)
 .bss           0x00000000        0x0 c:/program files (x86)/atmel/studio/7.0/toolchain/avr8/avr8-gnu-toolchain/bin/../lib/gcc/avr/5.4.0/../../../../avr/lib/avr5\libc.a(strrev.o)

Memory Configuration

Name             Origin             Length             Attributes
text             0x00000000         0x00008000         xr
data             0x00800060         0x00000800         rw !x
eeprom           0x00810000         0x00000400         rw !x
fuse             0x00820000         0x00000002         rw !x
lock             0x00830000         0x00000400         rw !x
signature        0x00840000         0x00000400         rw !x
user_signatures  0x00850000         0x00000400         rw !x
*default*        0x00000000         0xffffffff

Linker script and memory map

LOAD C:/Program Files (x86)/Atmel/Studio/7.0/Packs/atmel/ATmega_DFP/1.7.374/gcc/dev/atmega32/avr5/crtatmega32.o
LOAD Comm/I2C/I2C.o
LOAD Comm/Spi/SPI.o
LOAD Comm/UART/UART.o
LOAD HAL/Button/Button.o
LOAD HAL/EEPROM/EEPROM.o
LOAD HAL/ICU/ICU.o
LOAD HAL/keypad/keypad.o
LOAD HAL/LCD/lcd.o
LOAD HAL/LED/led.o
LOAD main.o
LOAD mainfunc.o
LOAD MCAL/ADC/ADC.o
LOAD MCAL/DIO/DIO.o
LOAD MCAL/EXTI/Interrupt.o
LOAD MCAL/Timer/Timer.o
LOAD RTOS/RTOS_program.o
START GROUP
LOAD c:/program files (x86)/atmel/studio/7.0/toolchain/avr8/avr8-gnu-toolchain/bin/../lib/gcc/avr/5.4.0/../../../../avr/lib/avr5\libm.a
END GROUP
START GROUP
LOAD c:/program files (x86)/atmel/studio/7.0/toolchain/avr8/avr8-gnu-toolchain/bin/../lib/gcc/avr/5.4.0/avr5\libgcc.a
LOAD c:/program files (x86)/atmel/studio/7.0/toolchain/avr8/avr8-gnu-toolchain/bin/../lib/gcc/avr/5.4.0/../../../../avr/lib/avr5\libm.a
LOAD c:/program files (x86)/atmel/studio/7.0/toolchain/avr8/avr8-gnu-toolchain/bin/../lib/gcc/avr/5.4.0/../../../../avr/lib/avr5\libc.a
LOAD C:/Program Files (x86)/Atmel/Studio/7.0/Packs/atmel/ATmega_DFP/1.7.374/gcc/dev/atmega32/avr5\libatmega32.a
END GROUP
                0x00000000                __TEXT_REGION_ORIGIN__ = DEFINED (__TEXT_REGION_ORIGIN__)?__TEXT_REGION_ORIGIN__:0x0
                [0x00800060]                __DATA_REGION_ORIGIN__ = DEFINED (__DATA_REGION_ORIGIN__)?__DATA_REGION_ORIGIN__:0x800060
                [0x00008000]                __TEXT_REGION_LENGTH__ = DEFINED (__TEXT_REGION_LENGTH__)?__TEXT_REGION_LENGTH__:0x20000
                [0x00000800]                __DATA_REGION_LENGTH__ = DEFINED (__DATA_REGION_LENGTH__)?__DATA_REGION_LENGTH__:0xffa0
                [0x00000400]                __EEPROM_REGION_LENGTH__ = DEFINED (__EEPROM_REGION_LENGTH__)?__EEPROM_REGION_LENGTH__:0x10000
                [0x00000002]                __FUSE_REGION_LENGTH__ = DEFINED (__FUSE_REGION_LENGTH__)?__FUSE_REGION_LENGTH__:0x400
                0x00000400                __LOCK_REGION_LENGTH__ = DEFINED (__LOCK_REGION_LENGTH__)?__LOCK_REGION_LENGTH__:0x400
                0x00000400                __SIGNATURE_REGION_LENGTH__ = DEFINED (__SIGNATURE_REGION_LENGTH__)?__SIGNATURE_REGION_LENGTH__:0x400
                0x00000400                __USER_SIGNATURE_REGION_LENGTH__ = DEFINED (__USER_SIGNATURE_REGION_LENGTH__)?__USER_SIGNATURE_REGION_LENGTH__:0x400

.hash
 *(.hash)

.dynsym
 *(.dynsym)

.dynstr
 *(.dynstr)

.gnu.version
 *(.gnu.version)

.gnu.version_d
 *(.gnu.version_d)

.gnu.version_r
 *(.gnu.version_r)

.rel.init
 *(.rel.init)

.rela.init
 *(.rela.init)

.rel.text
 *(.rel.text)
 *(.rel.text.*)
 *(.rel.gnu.linkonce.t*)

.rela.text
 *(.rela.text)
 *(.rela.text.*)
 *(.rela.gnu.linkonce.t*)

.rel.fini
 *(.rel.fini)

.rela.fini
 *(.rela.fini)

.rel.rodata
 *(.rel.rodata)
 *(.rel.rodata.*)
 *(.rel.gnu.linkonce.r*)

.rela.rodata
 *(.rela.rodata)
 *(.rela.rodata.*)
 *(.rela.gnu.linkonce.r*)

.rel.data
 *(.rel.data)
 *(.rel.data.*)
 *(.rel.gnu.linkonce.d*)

.rela.data
 *(.rela.data)
 *(.rela.data.*)
 *(.rela.gnu.linkonce.d*)

.rel.ctors
 *(.rel.ctors)

.rela.ctors
 *(.rela.ctors)

.rel.dtors
 *(.rel.dtors)

.rela.dtors
 *(.rela.dtors)

.rel.got
 *(.rel.got)

.rela.got
 *(.rela.got)

.rel.bss
 *(.rel.bss)

.rela.bss
 *(.rela.bss)

.rel.plt
 *(.rel.plt)

.rela.plt
 *(.rela.plt)

.text           0x00000000     0x1082
 *(.vectors)
 .vectors       0x00000000       0x54 C:/Program Files (x86)/Atmel/Studio/7.0/Packs/atmel/ATmega_DFP/1.7.374/gcc/dev/atmega32/avr5/crtatmega32.o
                0x00000000                __vector_default
                0x00000000                __vectors
 *(.vectors)
 *(.progmem.gcc*)
                0x00000054                . = ALIGN (0x2)
                0x00000054                __trampolines_start = .
 *(.trampolines)
 .trampolines   0x00000054        0x0 linker stubs
 *(.trampolines*)
                0x00000054                __trampolines_end = .
 *libprintf_flt.a:*(.progmem.data)
 *libc.a:*(.progmem.data)
 *(.progmem*)
                0x00000054                . = ALIGN (0x2)
 *(.jumptables)
 *(.jumptables*)
 *(.lowtext)
 *(.lowtext*)
                0x00000054                __ctors_start = .
 *(.ctors)
                0x00000054                __ctors_end = .
                0x00000054                __dtors_start = .
 *(.dtors)
                0x00000054                __dtors_end = .
 SORT(*)(.ctors)
 SORT(*)(.dtors)
 *(.init0)
 .init0         0x00000054        0x0 C:/Program Files (x86)/Atmel/Studio/7.0/Packs/atmel/ATmega_DFP/1.7.374/gcc/dev/atmega32/avr5/crtatmega32.o
                0x00000054                __init
 *(.init0)
 *(.init1)
 *(.init1)
 *(.init2)
 .init2         0x00000054        0xc C:/Program Files (x86)/Atmel/Studio/7.0/Packs/atmel/ATmega_DFP/1.7.374/gcc/dev/atmega32/avr5/crtatmega32.o
 *(.init2)
 *(.init3)
 *(.init3)
 *(.init4)
 .init4         0x00000060       0x16 c:/program files (x86)/atmel/studio/7.0/toolchain/avr8/avr8-gnu-toolchain/bin/../lib/gcc/avr/5.4.0/avr5\libgcc.a(_copy_data.o)
                0x00000060                __do_copy_data
 .init4         0x00000076       0x10 c:/program files (x86)/atmel/studio/7.0/toolchain/avr8/avr8-gnu-toolchain/bin/../lib/gcc/avr/5.4.0/avr5\libgcc.a(_clear_bss.o)
                0x00000076                __do_clear_bss
 *(.init4)
 *(.init5)
 *(.init5)
 *(.init6)
 *(.init6)
 *(.init7)
 *(.init7)
 *(.init8)
 *(.init8)
 *(.init9)
 .init9         0x00000086        0x8 C:/Program Files (x86)/Atmel/Studio/7.0/Packs/atmel/ATmega_DFP/1.7.374/gcc/dev/atmega32/avr5/crtatmega32.o
 *(.init9)
 *(.text)
 .text          0x0000008e        0x4 C:/Program Files (x86)/Atmel/Studio/7.0/Packs/atmel/ATmega_DFP/1.7.374/gcc/dev/atmega32/avr5/crtatmega32.o
                0x0000008e                __vector_12
                0x0000008e                __bad_interrupt
                0x0000008e                __vector_6
                0x0000008e                __vector_3
                0x0000008e                __vector_13
                0x0000008e                __vector_17
                0x0000008e                __vector_19
                0x0000008e                __vector_7
                0x0000008e                __vector_5
                0x0000008e                __vector_4
                0x0000008e                __vector_9
                0x0000008e                __vector_15
                0x0000008e                __vector_8
                0x0000008e                __vector_14
                0x0000008e                __vector_18
                0x0000008e                __vector_20
                0x00000092                . = ALIGN (0x2)
 *(.text.*)
 .text.TWI_voidInitMaster
                0x00000092       0x2c Comm/I2C/I2C.o
                0x00000092                TWI_voidInitMaster
 .text.TWI_SendStartCondition
                0x000000be       0x22 Comm/I2C/I2C.o
                0x000000be                TWI_SendStartCondition
 .text.TWI_SendRepeatedStart
                0x000000e0       0x22 Comm/I2C/I2C.o
                0x000000e0                TWI_SendRepeatedStart
 .text.TWI_SendSlaveAddressWithWrite
                0x00000102       0x2c Comm/I2C/I2C.o
                0x00000102                TWI_SendSlaveAddressWithWrite
 .text.TWI_SendSlaveAddressWithRead
                0x0000012e       0x2c Comm/I2C/I2C.o
                0x0000012e                TWI_SendSlaveAddressWithRead
 .text.TWI_MasterWriteDataByte
                0x0000015a       0x1e Comm/I2C/I2C.o
                0x0000015a                TWI_MasterWriteDataByte
 .text.TWI_MasterReadDataByte
                0x00000178       0x22 Comm/I2C/I2C.o
                0x00000178                TWI_MasterReadDataByte
 .text.TWI_SendStopCondition
                0x0000019a        0xe Comm/I2C/I2C.o
                0x0000019a                TWI_SendStopCondition
 .text.Button_init
                0x000001a8        0xe HAL/Button/Button.o
                0x000001a8                Button_init
 .text.Button_read
                0x000001b6       0x24 HAL/Button/Button.o
                0x000001b6                Button_read
 .text.EEPROM_Write
                0x000001da       0x3c HAL/EEPROM/EEPROM.o
                0x000001da                EEPROM_Write
 .text.EEPROM_Read
                0x00000216       0x48 HAL/EEPROM/EEPROM.o
                0x00000216                EEPROM_Read
 .text.LCD_Send_Command
                0x0000025e       0x44 HAL/LCD/lcd.o
                0x0000025e                LCD_Send_Command
 .text.LCD_Send_Data
                0x000002a2       0x44 HAL/LCD/lcd.o
                0x000002a2                LCD_Send_Data
 .text.LCD_INIT
                0x000002e6       0x20 HAL/LCD/lcd.o
                0x000002e6                LCD_INIT
 .text.LCD_sendString
                0x00000306       0x26 HAL/LCD/lcd.o
                0x00000306                LCD_sendString
 .text.LCD_ChangePOS_XY
                0x0000032c       0x2a HAL/LCD/lcd.o
                0x0000032c                LCD_ChangePOS_XY
 .text.LCD_INIT_DIR
                0x00000356       0x70 HAL/LCD/lcd.o
                0x00000356                LCD_INIT_DIR
 .text.LCD_Clear
                0x000003c6        0x8 HAL/LCD/lcd.o
                0x000003c6                LCD_Clear
 .text.LCD_VoidIntgerToString
                0x000003ce       0x3a HAL/LCD/lcd.o
                0x000003ce                LCD_VoidIntgerToString
 .text.led_init
                0x00000408        0xe HAL/LED/led.o
                0x00000408                led_init
 .text.led_on   0x00000416        0xe HAL/LED/led.o
                0x00000416                led_on
 .text.led_off  0x00000424        0xe HAL/LED/led.o
                0x00000424                led_off
 .text.led_blink
                0x00000432       0x3e HAL/LED/led.o
                0x00000432                led_blink
 .text.temp_inter
                0x00000470       0x80 main.o
                0x00000470                temp_inter
 .text.main     0x000004f0      0x216 main.o
                0x000004f0                main
 .text.__vector_1
                0x00000706       0x6c main.o
                0x00000706                __vector_1
 .text.__vector_2
                0x00000772       0x6c main.o
                0x00000772                __vector_2
 .text.button_up
                0x000007de       0x14 mainfunc.o
                0x000007de                button_up
 .text.button_down
                0x000007f2       0x14 mainfunc.o
                0x000007f2                button_down
 .text.ADC_init
                0x00000806       0x26 MCAL/ADC/ADC.o
                0x00000806                ADC_init
 .text.ADC_Start_Conversion
                0x0000082c       0x20 MCAL/ADC/ADC.o
                0x0000082c                ADC_Start_Conversion
 .text.__vector_16
                0x0000084c       0xe2 MCAL/ADC/ADC.o
                0x0000084c                __vector_16
 .text.DIO_set_pin_direction
                0x0000092e       0xf2 MCAL/DIO/DIO.o
                0x0000092e                DIO_set_pin_direction
 .text.DIO_set_pin_value
                0x00000a20       0xf2 MCAL/DIO/DIO.o
                0x00000a20                DIO_set_pin_value
 .text.DIO_get_pin_value
                0x00000b12       0x70 MCAL/DIO/DIO.o
                0x00000b12                DIO_get_pin_value
 .text.DIO_set_port_char
                0x00000b82       0x24 MCAL/DIO/DIO.o
                0x00000b82                DIO_set_port_char
 .text.global_inti_Enable
                0x00000ba6        0x8 MCAL/EXTI/Interrupt.o
                0x00000ba6                global_inti_Enable
 .text.EXT0_Interrupt_enable
                0x00000bae       0x1a MCAL/EXTI/Interrupt.o
                0x00000bae                EXT0_Interrupt_enable
 .text.EXT1_Interrupt_enable
                0x00000bc8       0x1a MCAL/EXTI/Interrupt.o
                0x00000bc8                EXT1_Interrupt_enable
 .text.Timer0_init
                0x00000be2       0x24 MCAL/Timer/Timer.o
                0x00000be2                Timer0_init
 .text.timer0_setCallBack
                0x00000c06       0x14 MCAL/Timer/Timer.o
                0x00000c06                timer0_setCallBack
 .text.__vector_11
                0x00000c1a       0x52 MCAL/Timer/Timer.o
                0x00000c1a                __vector_11
 .text.__vector_10
                0x00000c6c       0x52 MCAL/Timer/Timer.o
                0x00000c6c                __vector_10
 .text.avr-libc.fplib
                0x00000cbe        0x8 c:/program files (x86)/atmel/studio/7.0/toolchain/avr8/avr8-gnu-toolchain/bin/../lib/gcc/avr/5.4.0/../../../../avr/lib/avr5\libm.a(divsf3.o)
                0x00000cbe                __divsf3
 .text.avr-libc.fplib
                0x00000cc6       0xdc c:/program files (x86)/atmel/studio/7.0/toolchain/avr8/avr8-gnu-toolchain/bin/../lib/gcc/avr/5.4.0/../../../../avr/lib/avr5\libm.a(divsf3x.o)
                0x00000ce6                __divsf3x
                0x00000cec                __divsf3_pse
 .text.avr-libc.fplib
                0x00000da2       0x5e c:/program files (x86)/atmel/studio/7.0/toolchain/avr8/avr8-gnu-toolchain/bin/../lib/gcc/avr/5.4.0/../../../../avr/lib/avr5\libm.a(fixunssfsi.o)
                0x00000da2                __fixunssfsi
 .text.avr-libc.fplib
                0x00000e00       0x7a c:/program files (x86)/atmel/studio/7.0/toolchain/avr8/avr8-gnu-toolchain/bin/../lib/gcc/avr/5.4.0/../../../../avr/lib/avr5\libm.a(floatsisf.o)
                0x00000e00                __floatunsisf
                0x00000e04                __floatsisf
 .text.avr-libc.fplib
                0x00000e7a        0xc c:/program files (x86)/atmel/studio/7.0/toolchain/avr8/avr8-gnu-toolchain/bin/../lib/gcc/avr/5.4.0/../../../../avr/lib/avr5\libm.a(fp_inf.o)
                0x00000e7a                __fp_inf
 .text.avr-libc.fplib
                0x00000e86        0x6 c:/program files (x86)/atmel/studio/7.0/toolchain/avr8/avr8-gnu-toolchain/bin/../lib/gcc/avr/5.4.0/../../../../avr/lib/avr5\libm.a(fp_nan.o)
                0x00000e86                __fp_nan
 .text.avr-libc.fplib
                0x00000e8c        0xe c:/program files (x86)/atmel/studio/7.0/toolchain/avr8/avr8-gnu-toolchain/bin/../lib/gcc/avr/5.4.0/../../../../avr/lib/avr5\libm.a(fp_pscA.o)
                0x00000e8c                __fp_pscA
 .text.avr-libc.fplib
                0x00000e9a        0xe c:/program files (x86)/atmel/studio/7.0/toolchain/avr8/avr8-gnu-toolchain/bin/../lib/gcc/avr/5.4.0/../../../../avr/lib/avr5\libm.a(fp_pscB.o)
                0x00000e9a                __fp_pscB
 .text.avr-libc.fplib
                0x00000ea8       0x22 c:/program files (x86)/atmel/studio/7.0/toolchain/avr8/avr8-gnu-toolchain/bin/../lib/gcc/avr/5.4.0/../../../../avr/lib/avr5\libm.a(fp_round.o)
                0x00000ea8                __fp_round
 .text.avr-libc.fplib
                0x00000eca       0x44 c:/program files (x86)/atmel/studio/7.0/toolchain/avr8/avr8-gnu-toolchain/bin/../lib/gcc/avr/5.4.0/../../../../avr/lib/avr5\libm.a(fp_split3.o)
                0x00000eca                __fp_split3
                0x00000eda                __fp_splitA
 .text.avr-libc.fplib
                0x00000f0e        0xe c:/program files (x86)/atmel/studio/7.0/toolchain/avr8/avr8-gnu-toolchain/bin/../lib/gcc/avr/5.4.0/../../../../avr/lib/avr5\libm.a(fp_zero.o)
                0x00000f0e                __fp_zero
                0x00000f10                __fp_szero
 .text.avr-libc.fplib
                0x00000f1c        0x8 c:/program files (x86)/atmel/studio/7.0/toolchain/avr8/avr8-gnu-toolchain/bin/../lib/gcc/avr/5.4.0/../../../../avr/lib/avr5\libm.a(mulsf3.o)
                0x00000f1c                __mulsf3
 .text.avr-libc.fplib
                0x00000f24       0xd2 c:/program files (x86)/atmel/studio/7.0/toolchain/avr8/avr8-gnu-toolchain/bin/../lib/gcc/avr/5.4.0/../../../../avr/lib/avr5\libm.a(mulsf3x.o)
                0x00000f42                __mulsf3x
                0x00000f48                __mulsf3_pse
 .text.libgcc.mul
                0x00000ff6       0x1e c:/program files (x86)/atmel/studio/7.0/toolchain/avr8/avr8-gnu-toolchain/bin/../lib/gcc/avr/5.4.0/avr5\libgcc.a(_umulhisi3.o)
                0x00000ff6                __umulhisi3
 .text.avr-libc
                0x00001014       0x16 c:/program files (x86)/atmel/studio/7.0/toolchain/avr8/avr8-gnu-toolchain/bin/../lib/gcc/avr/5.4.0/../../../../avr/lib/avr5\libc.a(itoa_ncheck.o)
                0x00001014                __itoa_ncheck
 .text.avr-libc
                0x0000102a       0x34 c:/program files (x86)/atmel/studio/7.0/toolchain/avr8/avr8-gnu-toolchain/bin/../lib/gcc/avr/5.4.0/../../../../avr/lib/avr5\libc.a(utoa_ncheck.o)
                0x0000102a                __utoa_ncheck
                0x0000102c                __utoa_common
 .text.avr-libc
                0x0000105e       0x20 c:/program files (x86)/atmel/studio/7.0/toolchain/avr8/avr8-gnu-toolchain/bin/../lib/gcc/avr/5.4.0/../../../../avr/lib/avr5\libc.a(strrev.o)
                0x0000105e                strrev
                0x0000107e                . = ALIGN (0x2)
 *(.fini9)
 .fini9         0x0000107e        0x0 c:/program files (x86)/atmel/studio/7.0/toolchain/avr8/avr8-gnu-toolchain/bin/../lib/gcc/avr/5.4.0/avr5\libgcc.a(_exit.o)
                0x0000107e                _exit
                0x0000107e                exit
 *(.fini9)
 *(.fini8)
 *(.fini8)
 *(.fini7)
 *(.fini7)
 *(.fini6)
 *(.fini6)
 *(.fini5)
 *(.fini5)
 *(.fini4)
 *(.fini4)
 *(.fini3)
 *(.fini3)
 *(.fini2)
 *(.fini2)
 *(.fini1)
 *(.fini1)
 *(.fini0)
 .fini0         0x0000107e        0x4 c:/program files (x86)/atmel/studio/7.0/toolchain/avr8/avr8-gnu-toolchain/bin/../lib/gcc/avr/5.4.0/avr5\libgcc.a(_exit.o)
 *(.fini0)
                0x00001082                _etext = .

.data           0x00800060        0xc load address 0x00001082
                0x00800060                PROVIDE (__data_start, .)
 *(.data)
 *(.data*)
 .data.counter  0x00800060        0x1 main.o
                0x00800060                counter
 .data.ideal_temp
                0x00800061        0x1 main.o
                0x00800061                ideal_temp
 .data.min_temp
                0x00800062        0x1 main.o
                0x00800062                min_temp
 .data.max_temp
                0x00800063        0x1 main.o
                0x00800063                max_temp
 *(.gnu.linkonce.d*)
 *(.rodata)
 *(.rodata*)
 .rodata.str1.1
                0x00800064        0x7 main.o
 *(.gnu.linkonce.r*)
                0x0080006c                . = ALIGN (0x2)
 *fill*         0x0080006b        0x1 
                0x0080006c                _edata = .
                0x0080006c                PROVIDE (__data_end, .)

.bss            0x0080006c       0x16
                0x0080006c                PROVIDE (__bss_start, .)
 *(.bss)
 *(.bss*)
 .bss.local_counter.1959
                0x0080006c        0x1 main.o
 .bss.temp_EEPROM
                0x0080006d        0x1 main.o
                0x0080006d                temp_EEPROM
 .bss.Summation
                0x0080006e        0x2 main.o
                0x0080006e                Summation
 .bss.current_temp
                0x00800070        0x1 main.o
                0x00800070                current_temp
 .bss.avr       0x00800071        0x1 main.o
                0x00800071                avr
 .bss.i         0x00800072        0x1 main.o
                0x00800072                i
 .bss.take_temp
                0x00800073        0x1 main.o
                0x00800073                take_temp
 .bss.ADC_ChainSize
                0x00800074        0x1 MCAL/ADC/ADC.o
 .bss.ADC_ChainIndex
                0x00800075        0x1 MCAL/ADC/ADC.o
 .bss.ADC_ChainChannel
                0x00800076        0x2 MCAL/ADC/ADC.o
                0x00800076                ADC_ChainChannel
 .bss.ADC_NotificationFunc
                0x00800078        0x2 MCAL/ADC/ADC.o
 .bss.ADC_State
                0x0080007a        0x1 MCAL/ADC/ADC.o
                0x0080007a                ADC_State
 .bss.ADC_ConversionResult
                0x0080007b        0x2 MCAL/ADC/ADC.o
 .bss.timer0_pCompareCallbaxkFunc
                0x0080007d        0x2 MCAL/Timer/Timer.o
 .bss.timer0_pCallbackFunc
                0x0080007f        0x2 MCAL/Timer/Timer.o
 *(COMMON)
 COMMON         0x00800081        0x1 MCAL/ADC/ADC.o
                0x00800081                ADC_ISR_Source
                0x00800082                PROVIDE (__bss_end, .)
                0x00001082                __data_load_start = LOADADDR (.data)
                0x0000108e                __data_load_end = (__data_load_start + SIZEOF (.data))

.noinit         0x00800082        0x0
                [!provide]                PROVIDE (__noinit_start, .)
 *(.noinit*)
                [!provide]                PROVIDE (__noinit_end, .)
                0x00800082                _end = .
                [!provide]                PROVIDE (__heap_start, .)

.eeprom         0x00810000        0x0
 *(.eeprom*)
                0x00810000                __eeprom_end = .

.fuse
 *(.fuse)
 *(.lfuse)
 *(.hfuse)
 *(.efuse)

.lock
 *(.lock*)

.signature
 *(.signature*)

.user_signatures
 *(.user_signatures*)

.stab
 *(.stab)

.stabstr
 *(.stabstr)

.stab.excl
 *(.stab.excl)

.stab.exclstr
 *(.stab.exclstr)

.stab.index
 *(.stab.index)

.stab.indexstr
 *(.stab.indexstr)

.comment        0x00000000       0x30
 *(.comment)
 .comment       0x00000000       0x30 Comm/I2C/I2C.o
                                 0x31 (size before relaxing)
 .comment       0x00000030       0x31 HAL/Button/Button.o
 .comment       0x00000030       0x31 HAL/EEPROM/EEPROM.o
 .comment       0x00000030       0x31 HAL/LCD/lcd.o
 .comment       0x00000030       0x31 HAL/LED/led.o
 .comment       0x00000030       0x31 main.o
 .comment       0x00000030       0x31 mainfunc.o
 .comment       0x00000030       0x31 MCAL/ADC/ADC.o
 .comment       0x00000030       0x31 MCAL/DIO/DIO.o
 .comment       0x00000030       0x31 MCAL/EXTI/Interrupt.o
 .comment       0x00000030       0x31 MCAL/Timer/Timer.o

.note.gnu.avr.deviceinfo
                0x00000000       0x3c
 .note.gnu.avr.deviceinfo
                0x00000000       0x3c C:/Program Files (x86)/Atmel/Studio/7.0/Packs/atmel/ATmega_DFP/1.7.374/gcc/dev/atmega32/avr5/crtatmega32.o

.note.gnu.build-id
 *(.note.gnu.build-id)

.debug
 *(.debug)

.line
 *(.line)

.debug_srcinfo
 *(.debug_srcinfo)

.debug_sfnames
 *(.debug_sfnames)

.debug_aranges  0x00000000      0x2e8
 *(.debug_aranges)
 .debug_aranges
                0x00000000       0x60 Comm/I2C/I2C.o
 .debug_aranges
                0x00000060       0x28 HAL/Button/Button.o
 .debug_aranges
                0x00000088       0x28 HAL/EEPROM/EEPROM.o
 .debug_aranges
                0x000000b0       0x60 HAL/LCD/lcd.o
 .debug_aranges
                0x00000110       0x38 HAL/LED/led.o
 .debug_aranges
                0x00000148       0x38 main.o
 .debug_aranges
                0x00000180       0x30 mainfunc.o
 .debug_aranges
                0x000001b0       0x48 MCAL/ADC/ADC.o
 .debug_aranges
                0x000001f8       0x50 MCAL/DIO/DIO.o
 .debug_aranges
                0x00000248       0x30 MCAL/EXTI/Interrupt.o
 .debug_aranges
                0x00000278       0x70 MCAL/Timer/Timer.o

.debug_pubnames
 *(.debug_pubnames)

.debug_info     0x00000000     0x2796
 *(.debug_info .gnu.linkonce.wi.*)
 .debug_info    0x00000000      0x4e6 C:/Program Files (x86)/Atmel/Studio/7.0/Packs/atmel/ATmega_DFP/1.7.374/gcc/dev/atmega32/avr5/crtatmega32.o
 .debug_info    0x000004e6      0x25f Comm/I2C/I2C.o
 .debug_info    0x00000745      0x17a HAL/Button/Button.o
 .debug_info    0x000008bf      0x2b6 HAL/EEPROM/EEPROM.o
 .debug_info    0x00000b75      0x81b HAL/LCD/lcd.o
 .debug_info    0x00001390      0x2ef HAL/LED/led.o
 .debug_info    0x0000167f      0x6a7 main.o
 .debug_info    0x00001d26      0x237 mainfunc.o
 .debug_info    0x00001f5d      0x2ac MCAL/ADC/ADC.o
 .debug_info    0x00002209      0x2c6 MCAL/DIO/DIO.o
 .debug_info    0x000024cf       0x9e MCAL/EXTI/Interrupt.o
 .debug_info    0x0000256d      0x229 MCAL/Timer/Timer.o

.debug_abbrev   0x00000000     0x1072
 *(.debug_abbrev)
 .debug_abbrev  0x00000000      0x4a3 C:/Program Files (x86)/Atmel/Studio/7.0/Packs/atmel/ATmega_DFP/1.7.374/gcc/dev/atmega32/avr5/crtatmega32.o
 .debug_abbrev  0x000004a3       0xe0 Comm/I2C/I2C.o
 .debug_abbrev  0x00000583       0xd7 HAL/Button/Button.o
 .debug_abbrev  0x0000065a      0x13a HAL/EEPROM/EEPROM.o
 .debug_abbrev  0x00000794      0x227 HAL/LCD/lcd.o
 .debug_abbrev  0x000009bb      0x13b HAL/LED/led.o
 .debug_abbrev  0x00000af6      0x124 main.o
 .debug_abbrev  0x00000c1a      0x153 mainfunc.o
 .debug_abbrev  0x00000d6d      0x10b MCAL/ADC/ADC.o
 .debug_abbrev  0x00000e78       0xc2 MCAL/DIO/DIO.o
 .debug_abbrev  0x00000f3a       0x4f MCAL/EXTI/Interrupt.o
 .debug_abbrev  0x00000f89       0xe9 MCAL/Timer/Timer.o

.debug_line     0x00000000     0x1875
 *(.debug_line .debug_line.* .debug_line_end)
 .debug_line    0x00000000      0x116 C:/Program Files (x86)/Atmel/Studio/7.0/Packs/atmel/ATmega_DFP/1.7.374/gcc/dev/atmega32/avr5/crtatmega32.o
 .debug_line    0x00000116      0x271 Comm/I2C/I2C.o
 .debug_line    0x00000387       0xc8 HAL/Button/Button.o
 .debug_line    0x0000044f      0x1ea HAL/EEPROM/EEPROM.o
 .debug_line    0x00000639      0x34f HAL/LCD/lcd.o
 .debug_line    0x00000988      0x1ce HAL/LED/led.o
 .debug_line    0x00000b56      0x35d main.o
 .debug_line    0x00000eb3      0x1a2 mainfunc.o
 .debug_line    0x00001055      0x2bb MCAL/ADC/ADC.o
 .debug_line    0x00001310      0x297 MCAL/DIO/DIO.o
 .debug_line    0x000015a7       0xc8 MCAL/EXTI/Interrupt.o
 .debug_line    0x0000166f      0x206 MCAL/Timer/Timer.o

.debug_frame    0x00000000      0x6c8
 *(.debug_frame)
 .debug_frame   0x00000000       0xa4 Comm/I2C/I2C.o
 .debug_frame   0x000000a4       0x44 HAL/Button/Button.o
 .debug_frame   0x000000e8       0x60 HAL/EEPROM/EEPROM.o
 .debug_frame   0x00000148       0xf4 HAL/LCD/lcd.o
 .debug_frame   0x0000023c       0x60 HAL/LED/led.o
 .debug_frame   0x0000029c       0xf4 main.o
 .debug_frame   0x00000390       0x60 mainfunc.o
 .debug_frame   0x000003f0       0xbc MCAL/ADC/ADC.o
 .debug_frame   0x000004ac       0x84 MCAL/DIO/DIO.o
 .debug_frame   0x00000530       0x44 MCAL/EXTI/Interrupt.o
 .debug_frame   0x00000574      0x154 MCAL/Timer/Timer.o

.debug_str      0x00000000      0xc0b
 *(.debug_str)
 .debug_str     0x00000000      0x196 C:/Program Files (x86)/Atmel/Studio/7.0/Packs/atmel/ATmega_DFP/1.7.374/gcc/dev/atmega32/avr5/crtatmega32.o
 .debug_str     0x00000196      0x2df Comm/I2C/I2C.o
                                0x2f8 (size before relaxing)
 .debug_str     0x00000475       0x85 HAL/Button/Button.o
                                0x1c2 (size before relaxing)
 .debug_str     0x000004fa       0xee HAL/EEPROM/EEPROM.o
                                0x2f8 (size before relaxing)
 .debug_str     0x000005e8      0x1a4 HAL/LCD/lcd.o
                                0x3aa (size before relaxing)
 .debug_str     0x0000078c       0x33 HAL/LED/led.o
                                0x244 (size before relaxing)
 .debug_str     0x000007bf      0x12d main.o
                                0x3c4 (size before relaxing)
 .debug_str     0x000008ec       0x2b mainfunc.o
                                0x27d (size before relaxing)
 .debug_str     0x00000917      0x152 MCAL/ADC/ADC.o
                                0x2e1 (size before relaxing)
 .debug_str     0x00000a69       0x74 MCAL/DIO/DIO.o
                                0x275 (size before relaxing)
 .debug_str     0x00000add       0x19 MCAL/EXTI/Interrupt.o
                                0x195 (size before relaxing)
 .debug_str     0x00000af6      0x115 MCAL/Timer/Timer.o
                                0x2ae (size before relaxing)

.debug_loc      0x00000000     0x144d
 *(.debug_loc)
 .debug_loc     0x00000000      0x1b3 Comm/I2C/I2C.o
 .debug_loc     0x000001b3       0xf8 HAL/Button/Button.o
 .debug_loc     0x000002ab      0x182 HAL/EEPROM/EEPROM.o
 .debug_loc     0x0000042d      0x4b9 HAL/LCD/lcd.o
 .debug_loc     0x000008e6      0x21f HAL/LED/led.o
 .debug_loc     0x00000b05      0x1de main.o
 .debug_loc     0x00000ce3      0x132 mainfunc.o
 .debug_loc     0x00000e15      0x296 MCAL/ADC/ADC.o
 .debug_loc     0x000010ab      0x144 MCAL/DIO/DIO.o
 .debug_loc     0x000011ef      0x25e MCAL/Timer/Timer.o

.debug_macinfo
 *(.debug_macinfo)

.debug_weaknames
 *(.debug_weaknames)

.debug_funcnames
 *(.debug_funcnames)

.debug_typenames
 *(.debug_typenames)

.debug_varnames
 *(.debug_varnames)

.debug_pubtypes
 *(.debug_pubtypes)

.debug_ranges   0x00000000      0x238
 *(.debug_ranges)
 .debug_ranges  0x00000000       0x50 Comm/I2C/I2C.o
 .debug_ranges  0x00000050       0x18 HAL/Button/Button.o
 .debug_ranges  0x00000068       0x18 HAL/EEPROM/EEPROM.o
 .debug_ranges  0x00000080       0x50 HAL/LCD/lcd.o
 .debug_ranges  0x000000d0       0x28 HAL/LED/led.o
 .debug_ranges  0x000000f8       0x28 main.o
 .debug_ranges  0x00000120       0x20 mainfunc.o
 .debug_ranges  0x00000140       0x38 MCAL/ADC/ADC.o
 .debug_ranges  0x00000178       0x40 MCAL/DIO/DIO.o
 .debug_ranges  0x000001b8       0x20 MCAL/EXTI/Interrupt.o
 .debug_ranges  0x000001d8       0x60 MCAL/Timer/Timer.o

.debug_macro
 *(.debug_macro)
OUTPUT(AMIT.elf elf32-avr)
LOAD linker stubs
